#-----------------------------------------
#---  List of builtin and parameter and Data files
#-----------------------------------------
# Modification  by T.TORRET ST/HPC/STS (2006/Oct/17)
#     v2.0   
#-----------------------------------------
#*************************************



#********************************
#********************************
#*****   VOID builtins      *****
#********************************
#********************************
#
#---------  
__builtin_sx_barrier
paramOut void
end
#---------  
__builtin_sx_nop	
paramOut void
end
#---------  
__builtin_sx_bkp	
paramOut void
end
#---------  
__builtin_sx_rte	
paramOut void
end


#********************************
#********************************
#*****   CORE builtins      *****
#********************************
#********************************
#
#---------
__builtin_sx_bclr_r
paramIn int
paramIn int
paramOut int
dataIn builtin_32b_1  
dataIn builtin_8b_2
end
#---------
__builtin_sx_bset_r
paramIn int
paramIn int
paramOut int
dataIn builtin_32b_1  
dataIn builtin_8b_2
end
#---------  
__builtin_sx_bnot_r
paramIn  int
paramIn  int
paramOut int
dataIn builtin_32b_1  
dataIn builtin_8b_2  
end
#---------
__builtin_sx_bclr_i5
immediate
paramIn int
ImmedparamIn unsigned short
paramOut int
dataIn builtin_32b_1  
dataIn builtin_8b_2
---mask=0x1f
end
#---------
__builtin_sx_bset_i5
immediate
paramIn int
ImmedparamIn unsigned short
paramOut int
dataIn builtin_32b_1  
dataIn builtin_8b_2
---mask=0x1f
end
#---------  
__builtin_sx_bnot_i5
immediate
paramIn  int
ImmedparamIn unsigned short
paramOut int
dataIn builtin_32b_1  
dataIn builtin_8b_2  
---mask=0x1f
end
#*************************************
#---------
__builtin_sx_max_r
paramIn int
paramIn int
paramOut int
dataIn builtin_32b_1  
dataIn builtin_32b_2
end
#---------
__builtin_sx_maxu_r
paramIn unsigned int
paramIn unsigned int
paramOut unsigned int
dataIn builtin_32b_1  
dataIn builtin_32b_2
end
#---------  
__builtin_sx_min_r
paramIn int
paramIn int
paramOut int
dataIn builtin_32b_1  
dataIn builtin_32b_2
end
#---------
__builtin_sx_minu_r
paramIn unsigned int
paramIn unsigned int
paramOut unsigned int
dataIn builtin_32b_1  
dataIn builtin_32b_2
end
#---------  
__builtin_sx_max_i8
immediate
paramIn int
ImmedparamIn unsigned short
paramOut int
dataIn builtin_32b_1  
dataIn builtin_8b_2
end
#---------
__builtin_sx_maxu_i8
immediate
paramIn unsigned int
ImmedparamIn unsigned short
paramOut unsigned int
dataIn builtin_32b_1  
dataIn builtin_8b_2
end
#---------  
__builtin_sx_min_i8
immediate
paramIn int
ImmedparamIn unsigned short
paramOut int
dataIn builtin_32b_1  
dataIn builtin_8b_2
end
#---------
__builtin_sx_minu_i8
immediate
paramIn unsigned int
ImmedparamIn unsigned short
paramOut unsigned int
dataIn builtin_32b_1  
dataIn builtin_8b_2
end
#*************************************
#---------
__builtin_sx_add_r
paramIn int
paramIn int
paramOut int
dataIn builtin_32b_1  
dataIn builtin_32b_2
end
#---------  
__builtin_sx_sub_r
paramIn  int
paramIn  int
paramOut int
dataIn builtin_32b_1  
dataIn builtin_32b_2  
end
#---------
__builtin_sx_addu_r
paramIn  unsigned int
paramIn  unsigned int
paramOut unsigned int
dataIn builtin_32b_1  
dataIn builtin_32b_2
end
#---------  
__builtin_sx_subu_r
paramIn  unsigned int
paramIn  unsigned int
paramOut unsigned int
dataIn builtin_32b_1  
dataIn builtin_32b_2  
end
#---------
__builtin_sx_add_i8
immediate
paramIn int
ImmedparamIn unsigned short
paramOut int
dataIn builtin_32b_1  
dataIn builtin_8b_2
end
#---------  
__builtin_sx_sub_i8
immediate
paramIn  int
ImmedparamIn  unsigned short
paramOut int
dataIn builtin_32b_1  
dataIn builtin_8b_2  
end
#---------
__builtin_sx_addu_i8
immediate
paramIn unsigned int
ImmedparamIn unsigned short
paramOut unsigned int
dataIn builtin_32b_1  
dataIn builtin_8b_2
end
#---------  
__builtin_sx_subu_i8
immediate
paramIn  unsigned int
ImmedparamIn  unsigned short
paramOut unsigned int
dataIn builtin_32b_1  
dataIn builtin_8b_2  
end
#*************************************
#---------
__builtin_sx_and_r
paramIn int
paramIn int
paramOut int
dataIn builtin_32b_1  
dataIn builtin_32b_2
end
#---------
__builtin_sx_and_i8
immediate
paramIn int
ImmedparamIn unsigned short
paramOut int
dataIn builtin_32b_1  
dataIn builtin_8b_2
end
#---------
__builtin_sx_andn
paramIn int
paramIn int
paramOut int
dataIn builtin_32b_1  
dataIn builtin_32b_2
end
#---------
__builtin_sx_xor_r
paramIn int
paramIn int
paramOut int
dataIn builtin_32b_1  
dataIn builtin_32b_2
end
#---------
__builtin_sx_xor_i8
immediate
paramIn int
ImmedparamIn unsigned short
paramOut int
dataIn builtin_32b_1  
dataIn builtin_8b_2
end
#---------
__builtin_sx_or_r
paramIn int
paramIn int
paramOut int
dataIn builtin_32b_1  
dataIn builtin_32b_2
end
#---------
__builtin_sx_or_i8
immediate
paramIn int
ImmedparamIn unsigned short
paramOut int
dataIn builtin_32b_1  
dataIn builtin_8b_2
end
#---------
__builtin_sx_norn
immediate
paramIn int
ImmedparamIn unsigned short
paramOut int
dataIn builtin_32b_1  
dataIn builtin_8b_2
end
#*************************************
#---------  
__builtin_sx_shl_r
paramIn  int
paramIn  int
paramOut int
dataIn builtin_32b_1  
dataIn builtin_8b_2  
end
#---------  
__builtin_sx_shl_i5
immediate
paramIn  int
ImmedparamIn unsigned short
paramOut int
dataIn builtin_32b_1  
dataIn builtin_8b_2  
---mask=0x1f
end
#---------  
__builtin_sx_shr_r
paramIn  int
paramIn  int
paramOut int
dataIn builtin_32b_1  
dataIn builtin_8b_2  
end
#---------  
__builtin_sx_shr_i5
immediate
paramIn  int
ImmedparamIn unsigned short
paramOut int
dataIn builtin_32b_1  
dataIn builtin_8b_2  
---mask=0x1f
end
#---------  
__builtin_sx_shlu_r
paramIn  unsigned int
paramIn  unsigned int
paramOut unsigned int
dataIn builtin_32b_1  
dataIn builtin_8b_2  
end
#---------  
__builtin_sx_shlu_i5
immediate
paramIn  unsigned int
ImmedparamIn unsigned short
paramOut unsigned int
dataIn builtin_32b_1  
dataIn builtin_8b_2  
---mask=0x1f
end
#---------  
__builtin_sx_shru_r
paramIn  unsigned int
paramIn  unsigned int
paramOut unsigned int
dataIn builtin_32b_1  
dataIn builtin_8b_2  
end
#---------  
__builtin_sx_shru_i5
immediate
paramIn  unsigned int
ImmedparamIn unsigned short
paramOut unsigned int
dataIn builtin_32b_1  
dataIn builtin_8b_2  
---mask=0x1f
end
#---------  
__builtin_sx_rotl_r
paramIn  int
paramIn  int
paramOut int
dataIn builtin_32b_1  
dataIn builtin_8b_2  
end
#---------  
__builtin_sx_rotl_i5
immediate
paramIn  int
ImmedparamIn unsigned short
paramOut int
dataIn builtin_32b_1  
dataIn builtin_8b_2  
---mask=0x1f
end
#---------  
__builtin_sx_shlnu
paramIn  unsigned int
paramIn  unsigned int
paramOut unsigned int
dataIn builtin_32b_2  
dataIn builtin_8b_3  
end
#---------  
__builtin_sx_shrnu
paramIn  unsigned int
paramIn  unsigned int
paramOut unsigned int
dataIn builtin_32b_1  
dataIn builtin_8b_2  
end
#*************************************
#---------  
__builtin_sx_abs
paramIn  int
paramOut unsigned int
dataIn builtin_32b_1  
end
#---------  
__builtin_sx_labs
paramIn  long
paramOut unsigned long
dataIn builtin_32b_2  
end
#---------  
__builtin_sx_absu
paramIn  int
paramOut unsigned int
dataIn builtin_32b_1  
end
#---------  
__builtin_sx_prior
paramIn  int
paramOut int
dataIn builtin_32b_1  
end
#---------  
__builtin_sx_lzc
paramIn  int
paramOut int
dataIn builtin_32b_1  
end
#---------  
__builtin_sx_clamph
paramIn  int
paramOut int
dataIn builtin_32b_1  
end
#*************************************
#---------  
__builtin_sx_exth
paramIn  int
paramOut int
dataIn builtin_32b_1  
end
#---------  
__builtin_sx_extb
paramIn  int
paramOut int
dataIn builtin_32b_1  
end
#---------  
__builtin_sx_extuh
paramIn  int
paramOut unsigned int
dataIn builtin_32b_1  
end
#---------  
__builtin_sx_extub
paramIn  int
paramOut unsigned int
dataIn builtin_32b_1  
end
#*************************************
#---------  
__builtin_sx_neg
paramIn  int
paramOut int
dataIn builtin_32b_1  
end
#---------  
__builtin_sx_negu
paramIn  int
paramOut int
dataIn builtin_32b_1  
end
#---------  
__builtin_sx_not
paramIn  int
paramOut int
dataIn builtin_32b_1  
end
#*************************************
#---------  
__builtin_sx_shlmu_r
paramIn  unsigned int
paramOut unsigned int
dataIn builtin_8b_1  
end
#---------  
__builtin_sx_shrmu_r
paramIn  unsigned int
paramOut unsigned int
dataIn builtin_8b_1  
end
#---------  
__builtin_sx_shlmu_i5
immediate
ImmedparamIn unsigned int
---mask=0x1f
paramOut unsigned int
dataIn builtin_8b_2  
end
#---------  
__builtin_sx_shrmu_i5
immediate
ImmedparamIn unsigned int
---mask=0x1f
paramOut unsigned int
dataIn builtin_8b_2  
end
#---------  
__builtin_sx_make
immediate
ImmedparamIn short
---mask=0x0ffff
paramOut int
dataIn builtin_16b_1  
end
#---------  
__builtin_sx_more
immediate
paramIn  int
ImmedparamIn unsigned short
---mask=0x0ffff
paramOut int
dataIn builtin_32b_1  
dataIn builtin_16b_2  
end
#---------  
__builtin_sx_moveh2h
paramIn int
paramIn int
paramOut int
dataIn builtin_32b_1  
dataIn builtin_32b_2
end
#---------  
__builtin_sx_moveh2l
paramIn int
paramIn int
paramOut int
dataIn builtin_32b_1  
dataIn builtin_32b_2
end
#---------  
__builtin_sx_movel2h
paramIn int
paramIn int
paramOut int
dataIn builtin_32b_1  
dataIn builtin_32b_2
end
#---------  
__builtin_sx_movel2l
paramIn int
paramIn int
paramOut int
dataIn builtin_32b_1  
dataIn builtin_32b_2
end
#
#********************************
#********************************
#***** CORE PACKED builtins *****
#********************************
#********************************
#
#---------  
__builtin_sx_absbp	 
paramIn  int
paramOut unsigned int
dataIn builtin_32b_1  
end
#---------  
__builtin_sx_abshp	
paramIn  int
paramOut unsigned int
dataIn builtin_32b_2  
end
#---------  
__builtin_sx_absubp 
paramIn  int
paramOut unsigned int
dataIn builtin_32b_1  
end
#---------  
__builtin_sx_absuhp
paramIn  int
paramOut unsigned int
dataIn builtin_32b_2  
end
#---------  
__builtin_sx_addhp_i8
immediate
paramIn int
ImmedparamIn unsigned short
paramOut int
dataIn builtin_32b_1  
dataIn builtin_8b_2
end
#---------  
__builtin_sx_adduhp_i8
immediate
paramIn unsigned int
ImmedparamIn unsigned short
paramOut unsigned int
dataIn builtin_32b_1  
dataIn builtin_8b_2
end
#---------  
__builtin_sx_subhp_i8
immediate
paramIn int
ImmedparamIn unsigned short
paramOut int
dataIn builtin_32b_1  
dataIn builtin_8b_2
end
#---------  
__builtin_sx_subuhp_i8
immediate
paramIn int
ImmedparamIn unsigned short
paramOut int
dataIn builtin_32b_1  
dataIn builtin_8b_2
end
#---------  
__builtin_sx_addhp_r
paramIn int
paramIn int
paramOut int
dataIn builtin_32b_1  
dataIn builtin_32b_2
end
#---------  
__builtin_sx_adduhp_r
paramIn unsigned int
paramIn unsigned int
paramOut unsigned int
dataIn builtin_32b_1  
dataIn builtin_32b_2
end
#---------  
__builtin_sx_subhp_r
paramIn int
paramIn int
paramOut int
dataIn builtin_32b_1  
dataIn builtin_32b_2
end
#---------  
__builtin_sx_subuhp_r
paramIn int
paramIn int
paramOut int
dataIn builtin_32b_1  
dataIn builtin_32b_2
end
#---------  
__builtin_sx_addbp_i8
immediate
paramIn int
ImmedparamIn unsigned short
paramOut int
dataIn builtin_32b_1  
dataIn builtin_8b_2
end
#---------  
__builtin_sx_addubp_i8
immediate
paramIn unsigned int
ImmedparamIn unsigned short
paramOut unsigned int
dataIn builtin_32b_1  
dataIn builtin_8b_2
end
#---------  
__builtin_sx_subbp_i8
immediate
paramIn int
ImmedparamIn unsigned short
paramOut int
dataIn builtin_32b_1  
dataIn builtin_8b_2
end
#---------  
__builtin_sx_sububp_i8
immediate
paramIn int
ImmedparamIn unsigned short
paramOut int
dataIn builtin_32b_1  
dataIn builtin_8b_2
end
#---------  
__builtin_sx_addbp_r
paramIn int
paramIn int
paramOut int
dataIn builtin_32b_1  
dataIn builtin_32b_2
end
#---------  
__builtin_sx_addubp_r
paramIn unsigned int
paramIn unsigned int
paramOut unsigned int
dataIn builtin_32b_1  
dataIn builtin_32b_2
end
#---------  
__builtin_sx_subbp_r
paramIn int
paramIn int
paramOut int
dataIn builtin_32b_1  
dataIn builtin_32b_2
end
#---------  
__builtin_sx_sububp_r
paramIn int
paramIn int
paramOut int
dataIn builtin_32b_1  
dataIn builtin_32b_2
end
#---------  
__builtin_sx_maxhp_i8
immediate
paramIn int
ImmedparamIn unsigned short
paramOut int
dataIn builtin_32b_1  
dataIn builtin_8b_2
end
#---------  
__builtin_sx_minhp_i8
immediate
paramIn int
ImmedparamIn unsigned short
paramOut int
dataIn builtin_32b_2  
dataIn builtin_8b_3
end
#---------  
__builtin_sx_maxuhp_i8
immediate
paramIn unsigned int
ImmedparamIn unsigned short
paramOut unsigned int
dataIn builtin_32b_1  
dataIn builtin_8b_2
end
#---------  
__builtin_sx_minuhp_i8
immediate
paramIn unsigned int
ImmedparamIn unsigned short
paramOut unsigned int
dataIn builtin_32b_2  
dataIn builtin_8b_3
end
#---------  
__builtin_sx_maxhp_r
paramIn int
paramIn int
paramOut int
dataIn builtin_32b_1  
dataIn builtin_32b_2
end
#---------  
__builtin_sx_minhp_r
paramIn int
paramIn int
paramOut int
dataIn builtin_32b_3  
dataIn builtin_32b_4
end
#---------  
__builtin_sx_maxuhp_r
paramIn unsigned int
paramIn unsigned int
paramOut unsigned int
dataIn builtin_32b_1  
dataIn builtin_32b_2
end
#---------  
__builtin_sx_minuhp_r
paramIn unsigned int
paramIn unsigned int
paramOut unsigned int
dataIn builtin_32b_3  
dataIn builtin_32b_4
end
#---------  
__builtin_sx_maxbp_r
paramIn int
paramIn int
paramOut int
dataIn builtin_32b_1  
dataIn builtin_32b_2
end
#---------  
__builtin_sx_minbp_r
paramIn int
paramIn int
paramOut int
dataIn builtin_32b_3  
dataIn builtin_32b_4
end
#---------  
__builtin_sx_maxubp_r
paramIn unsigned int
paramIn unsigned int
paramOut unsigned int
dataIn builtin_32b_1  
dataIn builtin_32b_2
end
#---------  
__builtin_sx_minubp_r
paramIn unsigned int
paramIn unsigned int
paramOut unsigned int
dataIn builtin_32b_3  
dataIn builtin_32b_4
end
#---------  
__builtin_sx_maxbp_i8
immediate
paramIn int
ImmedparamIn unsigned short
paramOut int
dataIn builtin_32b_3  
dataIn builtin_8b_4
end
#---------  
__builtin_sx_minbp_i8
immediate
paramIn int
ImmedparamIn unsigned short
paramOut int
dataIn builtin_32b_4  
dataIn builtin_8b_3
end
#---------  
__builtin_sx_maxubp_i8
immediate
paramIn unsigned int
ImmedparamIn unsigned short
paramOut unsigned int
dataIn builtin_32b_2  
dataIn builtin_8b_3
end
#---------  
__builtin_sx_minubp_i8
immediate
paramIn unsigned int
ImmedparamIn unsigned short
paramOut unsigned int
dataIn builtin_32b_2  
dataIn builtin_8b_4
end
#---------  
__builtin_sx_neghp
paramIn int
paramOut int
dataIn builtin_32b_3  
end
#---------  
__builtin_sx_neguhp
paramIn int
paramOut int
dataIn builtin_32b_3  
end
#---------  
__builtin_sx_negbp
paramIn int
paramOut int
dataIn builtin_32b_3  
end
#---------  
__builtin_sx_negubp
paramIn int
paramOut int
dataIn builtin_32b_3  
end
#---------  
__builtin_sx_shlhp_r  
paramIn int
paramIn int
paramOut int
dataIn builtin_32b_1  
dataIn builtin_32b_2  
end
#---------  
__builtin_sx_shrhp_r  
paramIn int
paramIn int
paramOut int
dataIn builtin_32b_1  
dataIn builtin_32b_2  
end
#---------  
__builtin_sx_shluhp_r	
paramIn unsigned int
paramIn unsigned int
paramOut unsigned int
dataIn builtin_32b_3  
dataIn builtin_32b_4  
end
#---------  
__builtin_sx_shruhp_r
paramIn unsigned int
paramIn unsigned int
paramOut unsigned int
dataIn builtin_32b_3  
dataIn builtin_32b_4  
end
#---------  
__builtin_sx_shlbp_r  
paramIn int
paramIn int
paramOut int
dataIn builtin_32b_1  
dataIn builtin_32b_2  
end
#---------  
__builtin_sx_shrbp_r  
paramIn int
paramIn int
paramOut int
dataIn builtin_32b_1  
dataIn builtin_32b_2  
end
#---------  
__builtin_sx_shlubp_r  
paramIn unsigned int
paramIn unsigned int
paramOut unsigned int
dataIn builtin_32b_3  
dataIn builtin_32b_4  
end
#---------  
__builtin_sx_shrubp_r
paramIn unsigned int
paramIn unsigned int
paramOut unsigned int
dataIn builtin_32b_3  
dataIn builtin_32b_4  
end
#---------  
__builtin_sx_shlhp_i4  
immediate
paramIn int
ImmedparamIn unsigned short
---mask=0x0f
paramOut int
dataIn builtin_32b_1  
dataIn builtin_8b_1
end
#---------  
__builtin_sx_shrhp_i4  
immediate
paramIn int
ImmedparamIn unsigned short
---mask=0x0f
paramOut int
dataIn builtin_32b_1  
dataIn builtin_8b_1
end
#---------  
__builtin_sx_shluhp_i4	
immediate
paramIn unsigned int
ImmedparamIn unsigned short
---mask=0x0f
paramOut unsigned int
dataIn builtin_32b_2  
dataIn builtin_8b_2
end
#---------  
__builtin_sx_shruhp_i4
immediate
paramIn unsigned int
ImmedparamIn unsigned short
---mask=0x0f
paramOut unsigned int
dataIn builtin_32b_2  
dataIn builtin_8b_2
end
#---------  
__builtin_sx_shlbp_i3  
immediate
paramIn int
ImmedparamIn unsigned short
---mask=0x07
paramOut int
dataIn builtin_32b_1  
dataIn builtin_8b_1
end
#---------  
__builtin_sx_shrbp_i3  
immediate
paramIn int
ImmedparamIn unsigned short
---mask=0x07
paramOut int
dataIn builtin_32b_1  
dataIn builtin_8b_1
end
#---------  
__builtin_sx_shlubp_i3  
immediate
paramIn unsigned int
ImmedparamIn unsigned short
---mask=0x07
paramOut unsigned int
dataIn builtin_32b_2  
dataIn builtin_8b_2
end
#---------  
__builtin_sx_shrubp_i3
immediate
paramIn unsigned int
ImmedparamIn unsigned short
---mask=0x07
paramOut unsigned int
dataIn builtin_32b_2  
dataIn builtin_8b_2
end
#
#
#
#
#
#********************************
#********************************
#****** Ax 64bits builtins ******
#********************************
#********************************
#
#---------  
__builtin_ax_mpss
paramIn  int
paramIn  int
paramOut long long
dataIn builtin_32b_1  
dataIn builtin_32b_2  
end
#---------  
__builtin_ax_mnss
paramIn  int
paramIn  int
paramOut long long
dataIn builtin_32b_1  
dataIn builtin_32b_2  
end
#---------  
__builtin_ax_mpf
paramIn  int
paramIn  int
paramOut long long
dataIn builtin_32b_1  
dataIn builtin_32b_2  
end
#---------  
__builtin_ax_mnf
paramIn  int
paramIn  int
paramOut long long
dataIn builtin_32b_1  
dataIn builtin_32b_2  
end
#---------  
__builtin_ax_mpfr
paramIn  int
paramIn  int
paramOut long long
dataIn builtin_32b_1  
dataIn builtin_32b_2  
end
#---------  
__builtin_ax_mnfr
paramIn  int
paramIn  int
paramOut long long
dataIn builtin_32b_1  
dataIn builtin_32b_2  
end
#---------  
__builtin_ax_shlf
paramIn  int
paramIn  int
paramOut long long
dataIn builtin_32b_1  
dataIn builtin_32b_2  
end
#---------  
__builtin_ax_shrf
paramIn  int
paramIn  int
paramOut long long
dataIn builtin_32b_1  
dataIn builtin_32b_2  
end
#---------  
__builtin_ax_m2xhl
paramIn  int
paramIn  int
paramOut long long
dataIn builtin_32b_1  
dataIn builtin_32b_2  
end
#---------  
__builtin_ax_mpssl
paramIn  long long
paramIn  int
paramOut long long
dataIn builtin_64b_1  
dataIn builtin_32b_2  
end
#---------  
__builtin_ax_mnssl
paramIn  long long
paramIn  int
paramOut long long
dataIn builtin_64b_1  
dataIn builtin_32b_2  
end
#---------  
__builtin_ax_mpfh
paramIn  long long
paramIn  int
paramOut long long
dataIn builtin_64b_1  
dataIn builtin_32b_2  
end
#---------  
__builtin_ax_mnfh
paramIn  long long
paramIn  int
paramOut long long
dataIn builtin_64b_1  
dataIn builtin_32b_2  
end
#---------  
__builtin_ax_mpfhr
paramIn  long long
paramIn  int
paramOut long long
dataIn builtin_64b_1  
dataIn builtin_32b_2  
end
#---------  
__builtin_ax_mnfhr
paramIn  long long
paramIn  int
paramOut long long
dataIn builtin_64b_1  
dataIn builtin_32b_2  
end
#---------  
__builtin_ax_addf
paramIn  long long
paramIn  int
paramOut long long
dataIn builtin_64b_1  
dataIn builtin_32b_2  
end
#---------  
__builtin_ax_subf
paramIn  long long
paramIn  int
paramOut long long
dataIn builtin_64b_1  
dataIn builtin_32b_2  
end
#---------  
__builtin_ax_addfr
paramIn  long long
paramIn  int
paramOut long long
dataIn builtin_64b_1  
dataIn builtin_32b_2  
end
#---------  
__builtin_ax_subfr
paramIn  long long
paramIn  int
paramOut long long
dataIn builtin_64b_1  
dataIn builtin_32b_2  
end
#---------  
__builtin_ax_addi
paramIn  long long
paramIn  int
paramOut long long
dataIn builtin_64b_1  
dataIn builtin_32b_3  
end
#---------  
__builtin_ax_subi
paramIn  long long
paramIn  int
paramOut long long
dataIn builtin_64b_1  
dataIn builtin_32b_3  
end
#---------  
__builtin_ax_addiu	 
paramIn  long long
paramIn  unsigned int
paramOut long long
dataIn builtin_64b_1  
dataIn builtin_32b_3  
end
#---------  
__builtin_ax_subiu
paramIn  long long
paramIn  unsigned int
paramOut long long
dataIn builtin_64b_1  
dataIn builtin_32b_3  
end
#---------  
__builtin_ax_shl_r
paramIn  long long
paramIn  int
paramOut long long
dataIn builtin_64b_1  
dataIn builtin_32b_3  
end
#---------  
__builtin_ax_shr_r
paramIn  long long
paramIn  int
paramOut long long
dataIn builtin_64b_1  
dataIn builtin_32b_3  
end
#---------  
__builtin_ax_shlr_r
paramIn  long long
paramIn  int
paramOut long long
dataIn builtin_64b_1  
dataIn builtin_32b_3  
end
#---------  
__builtin_ax_shrr_r
paramIn  long long
paramIn  int
paramOut long long
dataIn builtin_64b_1  
dataIn builtin_32b_3  
end
#---------  
__builtin_ax_shru_r
paramIn  unsigned long long
paramIn  unsigned int
paramOut unsigned long long
dataIn builtin_64b_1  
dataIn builtin_32b_3  
end
#---------  
__builtin_ax_add
paramIn  long long
paramIn  long long
paramOut long long
dataIn builtin_64b_1  
dataIn builtin_64b_2  
end
#---------  
__builtin_ax_sub
paramIn  long long
paramIn  long long
paramOut long long
dataIn builtin_64b_1  
dataIn builtin_64b_2  
end
#---------  
__builtin_ax_addr
paramIn  long long
paramIn  long long
paramOut long long
dataIn builtin_64b_1  
dataIn builtin_64b_2  
end
#---------  
__builtin_ax_subr
paramIn  long long
paramIn  long long
paramOut long long
dataIn builtin_64b_1  
dataIn builtin_64b_2  
end
#---------  
__builtin_ax_shlm2rl_r
paramIn  long long
paramIn  int
paramOut int
dataIn builtin_64b_1  
dataIn builtin_32b_3  
end
#---------  
__builtin_ax_shlm2rh_r
paramIn  long long
paramIn  int
paramOut int
dataIn builtin_64b_1  
dataIn builtin_32b_3  
end
#---------  
__builtin_ax_shrm2rl_r
paramIn  long long
paramIn  int
paramOut int
dataIn builtin_64b_1  
dataIn builtin_32b_3  
end
#---------  
__builtin_ax_shrm2rh_r
paramIn  long long
paramIn  int
paramOut int
dataIn builtin_64b_1  
dataIn builtin_32b_3  
end
#---------  
__builtin_ax_abs
paramIn  long long
paramOut unsigned long long
dataIn builtin_64b_1  
end
#---------  
__builtin_ax_rnd16
paramIn  long long
paramOut long long
dataIn builtin_64b_1  
end
#---------  
__builtin_ax_rndc
paramIn  long long
paramOut long long
dataIn builtin_64b_1  
end
#---------  
__builtin_ax_rndc16
paramIn  long long
paramOut long long
dataIn builtin_64b_1  
end
#---------  
__builtin_ax_clp32
paramIn  long long
paramOut long long
dataIn builtin_64b_1  
end
#---------  
__builtin_ax_neg
paramIn  long long
paramOut long long
dataIn builtin_64b_1  
end
#---------  
__builtin_ax_m2xf
paramIn  int
paramOut long long
dataIn builtin_32b_1  
end
#---------  
__builtin_ax_m2xi
paramIn  int
paramOut long long
dataIn builtin_32b_1  
end
#---------  
__builtin_ax_m2xiu
paramIn  unsigned int
paramOut long long
dataIn builtin_32b_1  
end
#---------  
__builtin_ax_shl_i6
immediate
paramIn  long long
ImmedparamIn  unsigned short
---mask=0x3f
paramOut long long
dataIn builtin_64b_1  
dataIn builtin_8b_1  
end
#---------  
__builtin_ax_shr_i6
immediate
paramIn  long long
ImmedparamIn   unsigned short
---mask=0x3f
paramOut long long
dataIn builtin_64b_1  
dataIn builtin_8b_1  
end
#---------  
__builtin_ax_shlr_i6
immediate
paramIn  long long
ImmedparamIn   unsigned short
---mask=0x3f
paramOut long long
dataIn builtin_64b_1  
dataIn builtin_8b_1  
end
#---------  
__builtin_ax_shrr_i6
immediate
paramIn  long long
ImmedparamIn   unsigned short
---mask=0x3f
paramOut long long
dataIn builtin_64b_1  
dataIn builtin_8b_1  
end
#---------  
__builtin_ax_shru_i6
immediate
paramIn  unsigned long long
ImmedparamIn   unsigned short
---mask=0x3f
paramOut unsigned long long
dataIn builtin_64b_1  
dataIn builtin_8b_1  
end
#---------  
__builtin_ax_shlm2rl_i6
immediate
paramIn  long long
ImmedparamIn   unsigned short
---mask=0x3f
paramOut int
dataIn builtin_64b_1  
dataIn builtin_8b_2  
end
#---------  
__builtin_ax_shlm2rh_i6
immediate
paramIn  long long
ImmedparamIn   unsigned short
---mask=0x3f
paramOut int
dataIn builtin_64b_1  
dataIn builtin_8b_2  
end
#---------  
__builtin_ax_shrm2rl_i6
immediate
paramIn  long long
ImmedparamIn   unsigned short
---mask=0x3f
paramOut int
dataIn builtin_64b_1  
dataIn builtin_8b_2  
end
#---------  
__builtin_ax_shrm2rh_i6
immediate
paramIn  long long
ImmedparamIn   unsigned short
---mask=0x3f
paramOut int
dataIn builtin_64b_1  
dataIn builtin_8b_2  
end
#---------  
__builtin_ax_maf
paramIn  long long
paramIn  int
paramIn  int
paramOut long long
dataIn builtin_64b_1  
dataIn builtin_32b_1  
dataIn builtin_32b_2  
end
#---------  
__builtin_ax_mafr
paramIn  long long
paramIn  int
paramIn  int
paramOut long long
dataIn builtin_64b_2  
dataIn builtin_32b_3  
dataIn builtin_32b_4  
end
#---------  
__builtin_ax_mafh
paramIn  long long
paramIn  long long
paramIn  int
paramOut long long
dataIn builtin_64b_1  
dataIn builtin_64b_2  
dataIn builtin_32b_1  
end
#---------  
__builtin_ax_mafhr
paramIn  long long
paramIn  long long
paramIn  int
paramOut long long
dataIn builtin_64b_2  
dataIn builtin_64b_1  
dataIn builtin_32b_4  
end
#---------  
__builtin_ax_mass
paramIn  long long
paramIn  int
paramIn  int
paramOut long long
dataIn builtin_64b_1  
dataIn builtin_32b_2  
dataIn builtin_32b_3  
end
#---------  
__builtin_ax_massl
paramIn  long long
paramIn  long long
paramIn  int
paramOut long long
dataIn builtin_64b_1  
dataIn builtin_64b_2  
dataIn builtin_32b_3  
end
#---------  
__builtin_ax_msf
paramIn  long long
paramIn  int
paramIn  int
paramOut long long
dataIn builtin_64b_2  
dataIn builtin_32b_3  
dataIn builtin_32b_4  
end
#---------  
__builtin_ax_msfr
paramIn  long long
paramIn  int
paramIn  int
paramOut long long
dataIn builtin_64b_2  
dataIn builtin_32b_1  
dataIn builtin_32b_2  
end
#---------  
__builtin_ax_msfh
paramIn  long long
paramIn  long long
paramIn  int
paramOut long long
dataIn builtin_64b_1  
dataIn builtin_64b_2  
dataIn builtin_32b_2  
end
#---------  
__builtin_ax_msfhr
paramIn  long long
paramIn  long long
paramIn  int
paramOut long long
dataIn builtin_64b_1  
dataIn builtin_64b_2  
dataIn builtin_32b_3  
end
#---------  
__builtin_ax_msss
paramIn  long long
paramIn  int
paramIn  int
paramOut long long
dataIn builtin_64b_1  
dataIn builtin_32b_1  
dataIn builtin_32b_3  
end
#---------  
__builtin_ax_msssl
paramIn  long long
paramIn  long long
paramIn  int
paramOut long long
dataIn builtin_64b_1  
dataIn builtin_64b_2  
dataIn builtin_32b_4  
end
#---------  
__builtin_ax_shli_r
paramIn  int
paramIn  unsigned int
paramOut long long
dataIn builtin_32b_1  
dataIn builtin_32b_2  
end
#---------  
__builtin_ax_shri_r
paramIn  int
paramIn  unsigned int
paramOut long long
dataIn builtin_32b_3  
dataIn builtin_32b_4  
end
#---------  
__builtin_ax_shliu_r
paramIn  unsigned int
paramIn  unsigned int
paramOut unsigned long long
dataIn builtin_32b_3  
dataIn builtin_32b_4  
end
#---------  
__builtin_ax_shriu_r
paramIn  unsigned int
paramIn  unsigned int
paramOut unsigned long long
dataIn builtin_32b_1  
dataIn builtin_32b_2  
end
#---------  
__builtin_ax_shli_i6
immediate
paramIn  int
ImmedparamIn  unsigned short
---mask=0x3f
paramOut long long
dataIn builtin_32b_2  
dataIn builtin_8b_1  
end
#---------  
__builtin_ax_shri_i6
immediate
paramIn  int
ImmedparamIn  unsigned short
---mask=0x3f
paramOut long long
dataIn builtin_32b_1  
dataIn builtin_8b_4  
end
#---------  
__builtin_ax_shliu_i6
immediate
paramIn  unsigned int
ImmedparamIn  unsigned short
---mask=0x3f
paramOut unsigned long long
dataIn builtin_32b_1  
dataIn builtin_8b_4  
end
#---------  
__builtin_ax_shriu_i6
immediate
paramIn  unsigned int
ImmedparamIn  unsigned short
---mask=0x3f
paramOut unsigned long long
dataIn builtin_32b_1  
dataIn builtin_8b_4  
end
#---------  
__builtin_ax_m2rl
paramIn  long long
paramOut int
dataIn builtin_64b_1  
end
#---------  
__builtin_ax_m2rh
paramIn  long long
paramOut int
dataIn builtin_64b_2  
end
#---------  
__builtin_ax_addhl
paramIn  long long
paramIn  int
paramIn  int
paramOut long long
dataIn builtin_64b_1  
dataIn builtin_32b_2  
dataIn builtin_32b_3  
end
#---------  
__builtin_ax_subhl
paramIn  long long
paramIn  int
paramIn  int
paramOut long long
dataIn builtin_64b_2  
dataIn builtin_32b_1  
dataIn builtin_32b_4  
end
#---------  
__builtin_ax_addhlr
paramIn  long long
paramIn  int
paramIn  int
paramOut long long
dataIn builtin_64b_1  
dataIn builtin_32b_1  
dataIn builtin_32b_2  
end
#---------  
__builtin_ax_subhlr
paramIn  long long
paramIn  int
paramIn  int
paramOut long long
dataIn builtin_64b_2  
dataIn builtin_32b_3  
dataIn builtin_32b_4  
end
#---------  
__builtin_ax_clr
paramIn  long long
paramOut long long
dataIn builtin_64b_1  
end
#---------  
__builtin_ax_m2xl
paramIn  long long
paramIn  int
paramOut long long
dataIn builtin_64b_1  
dataIn builtin_32b_2  
end
#---------  
__builtin_ax_m2xh
paramIn  long long
paramIn  int
paramOut long long
dataIn builtin_64b_2  
dataIn builtin_32b_3  
end
#
#
#
#
#
#********************************
#********************************
#****** X3 builtins ******
#********************************
#********************************
#
#---------  
__builtin_x3_clrcc
paramOut void
end
#---------  
__builtin_x3_startcc
paramOut void
end
#---------  
__builtin_x3_stopcc
paramOut void
end
#---------  
__builtin_x3_clrcc1
paramOut void
end
#---------  
__builtin_x3_startcc1
paramOut void
end
#---------  
__builtin_x3_stopcc1
paramOut void
end
#---------  
__builtin_x3_clrcca
paramOut void
end
#---------  
__builtin_x3_startcca
paramOut void
end
#---------  
__builtin_x3_stopcca
paramOut void
end
#---------  
__builtin_x3_terminate
paramOut void
end
#---------  
__builtin_x3_dflushw
paramOut void
end
#---------  
__builtin_x3_pflushw
paramOut void
end
#---------  
__builtin_x3_mpssll
paramIn int
paramIn int
paramOut int
dataIn builtin_32b_1  
dataIn builtin_32b_2
end
#---------  
__builtin_x3_mpsslh
paramIn int
paramIn int
paramOut int
dataIn builtin_32b_1  
dataIn builtin_32b_2
end
#---------  
__builtin_x3_mpsshl
paramIn int
paramIn int
paramOut int
dataIn builtin_32b_1  
dataIn builtin_32b_2
end
#---------  
__builtin_x3_mpsshh
paramIn int
paramIn int
paramOut int
dataIn builtin_32b_1  
dataIn builtin_32b_2
end
#---------  
__builtin_x3_mpuull
paramIn unsigned int
paramIn unsigned int
paramOut int
dataIn builtin_32b_1  
dataIn builtin_32b_2
end
#---------  
__builtin_x3_mpuulh
paramIn unsigned int
paramIn unsigned int
paramOut int
dataIn builtin_32b_1  
dataIn builtin_32b_2
end
#---------  
__builtin_x3_mpuuhl
paramIn unsigned int
paramIn unsigned int
paramOut int
dataIn builtin_32b_1  
dataIn builtin_32b_2
end
#---------  
__builtin_x3_mpuuhh
paramIn unsigned int
paramIn unsigned int
paramOut int
dataIn builtin_32b_1  
dataIn builtin_32b_2
end
#---------  
__builtin_x3_mpusll
paramIn unsigned int
paramIn int
paramOut int
dataIn builtin_32b_1  
dataIn builtin_32b_2
end
#---------  
__builtin_x3_mpuslh
paramIn unsigned int
paramIn int
paramOut int
dataIn builtin_32b_1  
dataIn builtin_32b_2
end
#---------  
__builtin_x3_mpushl
paramIn unsigned int
paramIn int
paramOut int
dataIn builtin_32b_1  
dataIn builtin_32b_2
end
#---------  
__builtin_x3_mpushh
paramIn unsigned int
paramIn int
paramOut int
dataIn builtin_32b_1  
dataIn builtin_32b_2
end
#---------  
__builtin_x3_mpsull
paramIn int
paramIn unsigned int
paramOut int
dataIn builtin_32b_1  
dataIn builtin_32b_2
end
#---------  
__builtin_x3_mpsulh
paramIn int
paramIn unsigned int
paramOut int
dataIn builtin_32b_1  
dataIn builtin_32b_2
end
#---------  
__builtin_x3_mpsuhl
paramIn int
paramIn unsigned int
paramOut int
dataIn builtin_32b_1  
dataIn builtin_32b_2
end
#---------  
__builtin_x3_mpsuhh
paramIn int
paramIn unsigned int
paramOut int
dataIn builtin_32b_1  
dataIn builtin_32b_2
end
